
 gcc -g p1final.c
îº§ gdb a.out
GNU gdb (Ubuntu 8.1.1-0ubuntu1) 8.1.1
Copyright (C) 2018 Free Software Foundation, Inc.
License GPLv3+: GNU GPL version 3 or later <http://gnu.org/licenses/gpl.html>
This is free software: you are free to change and redistribute it.
There is NO WARRANTY, to the extent permitted by law.  Type "show copying"
and "show warranty" for details.
This GDB was configured as "x86_64-linux-gnu".
Type "show configuration" for configuration details.
For bug reporting instructions, please see:
<http://www.gnu.org/software/gdb/bugs/>.
Find the GDB manual and other documentation resources online at:
<http://www.gnu.org/software/gdb/documentation/>.
For help, type "help".
Type "apropos word" to search for commands related to "word"...
Reading symbols from a.out...done.
(gdb) b main
Breakpoint 1 at 0x910: file p1final.c, line 30.
(gdb) r
Starting program: /home/runner/Test3Session2-2/a.out 
warning: Error disabling address space randomization: Operation not permitted

Breakpoint 1, main () at p1final.c:30
30  int main(){
(gdb) s
32    input(&num1,&den1,&num2,&den2);
(gdb) n
enter the numerator for 1
1
enter the denominator for 1
2
enter the numerator for 2
1
enter the denominator for 2
4
33    add(num1,den1,num2,den2,&totalnum,&totalden);
(gdb) n
34    output(num1,den1,num2,den2);
(gdb) n
35    return 0;
(gdb) n
36  }(gdb) c
Continuing.
the sum is = 3/4 of  1/2 + 1/4 [Inferior 1 (process 745) exited normally]
(gdb) 